// Jest Snapshot v1, https://goo.gl/fbAQLP

exports[`Slideshow renders 1`] = `
<div>
  <Overview
    slideshow={
      Object {
        "id": 1,
        "slides": Array [
          Object {
            "slide_type": "title",
            "title": "Exciting Slide",
          },
          Object {
            "slide_type": "title",
            "title": "Exciting Slide",
          },
          Object {
            "slide_type": "title",
            "title": "Exciting Slide",
          },
        ],
        "title": "Exciting Presentation",
      }
    }
    viewedIndices={Array []}
  />
  <div
    className="slideshow-container"
  >
    <div
      className="slideshow"
    />
    <button
      className="invisible"
    >
      Previous
    </button>
    <button
      className="invisible"
    >
      Next
    </button>
  </div>
</div>
`;
