exports[`Slideshow renders 1`] = `
<div
  className="slideshow-container">
  <h3
    className="progess">
    Slideshow 
    : 
    NaN
     of 
    3
  </h3>
  <div
    className="slideshow" />
  <button
    className="previous-button">
    Previous
  </button>
  <button
    className="next-button">
    Next
  </button>
</div>
`;
