// Jest Snapshot v1, https://goo.gl/fbAQLP

exports[`Slideshow renders 1`] = `
<div>
  <Overview
    match={
      Object {
        "params": Object {},
      }
    }
    slideshow={
      Object {
        "id": 1,
        "slides": Array [
          Object {
            "slide_type": "title",
            "title": "Exciting Slide",
          },
          Object {
            "slide_type": "title",
            "title": "Exciting Slide",
          },
          Object {
            "slide_type": "title",
            "title": "Exciting Slide",
          },
        ],
        "title": "Exciting Presentation",
      }
    }
    viewSlide={[Function]}
    viewedIndices={Array []}
  />
  <div
    className="slideshow-container"
  >
    <div
      className="slideshow"
    />
  </div>
</div>
`;
